---
source: common/blockchain/src/block.rs
expression: check(&block)
---
[
    0,
    126,
    90,
    201,
    10,
    178,
    207,
    85,
    189,
    80,
    13,
    163,
    112,
    235,
    105,
    78,
    143,
    188,
    233,
    155,
    153,
    248,
    202,
    172,
    56,
    15,
    114,
    95,
    101,
    124,
    198,
    197,
    239,
    1,
    0,
    0,
    0,
    0,
    0,
    0,
    0,
    50,
    0,
    0,
    0,
    0,
    0,
    0,
    0,
    50,
    0,
    0,
    0,
    0,
    0,
    0,
    0,
    0,
    0,
    0,
    99,
    0,
    0,
    0,
    99,
    0,
    0,
    0,
    99,
    0,
    0,
    0,
    99,
    0,
    0,
    0,
    99,
    0,
    0,
    0,
    99,
    0,
    0,
    0,
    99,
    0,
    0,
    0,
    99,
    126,
    90,
    201,
    10,
    178,
    207,
    85,
    189,
    80,
    13,
    163,
    112,
    235,
    105,
    78,
    143,
    188,
    233,
    155,
    153,
    248,
    202,
    172,
    56,
    15,
    114,
    95,
    101,
    124,
    198,
    197,
    239,
    0,
]
