---
source: common/blockchain/src/block.rs
expression: check(&genesis.header)
---
[
    0,
    0,
    0,
    0,
    0,
    0,
    0,
    0,
    0,
    0,
    0,
    0,
    0,
    0,
    0,
    0,
    0,
    0,
    0,
    0,
    0,
    0,
    0,
    0,
    0,
    0,
    0,
    0,
    0,
    0,
    0,
    0,
    0,
    0,
    0,
    0,
    0,
    0,
    0,
    0,
    0,
    42,
    0,
    0,
    0,
    0,
    0,
    0,
    0,
    24,
    0,
    0,
    0,
    0,
    0,
    0,
    0,
    0,
    0,
    0,
    66,
    0,
    0,
    0,
    66,
    0,
    0,
    0,
    66,
    0,
    0,
    0,
    66,
    0,
    0,
    0,
    66,
    0,
    0,
    0,
    66,
    0,
    0,
    0,
    66,
    0,
    0,
    0,
    66,
    0,
    0,
    0,
    0,
    0,
    0,
    0,
    0,
    0,
    0,
    0,
    0,
    0,
    0,
    0,
    0,
    0,
    0,
    0,
    0,
    0,
    0,
    0,
    0,
    0,
    0,
    0,
    0,
    0,
    0,
    0,
    0,
    1,
    196,
    47,
    231,
    100,
    180,
    107,
    167,
    158,
    100,
    227,
    158,
    6,
    166,
    177,
    90,
    160,
    94,
    56,
    115,
    222,
    167,
    197,
    60,
    16,
    240,
    81,
    39,
    213,
    86,
    193,
    217,
    50,
]
