---
source: solana/solana-ibc/programs/solana-ibc/src/events.rs
expression: serialised
---
[
    4,
    0,
    0,
    0,
    42,
    0,
    0,
    0,
    42,
    0,
    0,
    0,
    42,
    0,
    0,
    0,
    42,
    0,
    0,
    0,
    42,
    0,
    0,
    0,
    42,
    0,
    0,
    0,
    42,
    0,
    0,
    0,
    42,
    164,
    1,
    0,
    0,
    0,
    0,
    0,
    0,
]
