---
source: solana/solana-ibc/programs/solana-ibc/src/events.rs
expression: serialised
---
[
    2,
    0,
    0,
    0,
    0,
    0,
    0,
    0,
    0,
    0,
    0,
    0,
    0,
    0,
    0,
    0,
    0,
    0,
    0,
    0,
    0,
    0,
    0,
    0,
    0,
    0,
    0,
    0,
    0,
    0,
    0,
    0,
    0,
    0,
    0,
    0,
    0,
    0,
    0,
    0,
    0,
    0,
    42,
    0,
    0,
    0,
    0,
    0,
    0,
    0,
    24,
    0,
    0,
    0,
    0,
    0,
    0,
    0,
    0,
    0,
    0,
    66,
    0,
    0,
    0,
    66,
    0,
    0,
    0,
    66,
    0,
    0,
    0,
    66,
    0,
    0,
    0,
    66,
    0,
    0,
    0,
    66,
    0,
    0,
    0,
    66,
    0,
    0,
    0,
    66,
    0,
    0,
    0,
    0,
    0,
    0,
    0,
    0,
    0,
    0,
    0,
    0,
    0,
    0,
    0,
    0,
    0,
    0,
    0,
    0,
    0,
    0,
    0,
    0,
    0,
    0,
    0,
    0,
    0,
    0,
    0,
    0,
    1,
    219,
    192,
    172,
    39,
    119,
    107,
    149,
    47,
    168,
    161,
    165,
    238,
    123,
    171,
    147,
    83,
    100,
    62,
    216,
    182,
    211,
    163,
    202,
    167,
    194,
    157,
    67,
    41,
    2,
    87,
    139,
    43,
    1,
    0,
    2,
    0,
    0,
    0,
    0,
    0,
    0,
    0,
    80,
    0,
    0,
    0,
    80,
    0,
    0,
    0,
    80,
    0,
    0,
    0,
    80,
    0,
    0,
    0,
    80,
    0,
    0,
    0,
    80,
    0,
    0,
    0,
    80,
    0,
    0,
    0,
    80,
    10,
    0,
    0,
    0,
    0,
    0,
    0,
    0,
    0,
    0,
    0,
    0,
    0,
    0,
    0,
    0,
    0,
    0,
    0,
    0,
    81,
    0,
    0,
    0,
    81,
    0,
    0,
    0,
    81,
    0,
    0,
    0,
    81,
    0,
    0,
    0,
    81,
    0,
    0,
    0,
    81,
    0,
    0,
    0,
    81,
    0,
    0,
    0,
    81,
    10,
    0,
    0,
    0,
    0,
    0,
    0,
    0,
    0,
    0,
    0,
    0,
    0,
    0,
    0,
    0,
    11,
    0,
    0,
    0,
    0,
    0,
    0,
    0,
    0,
    0,
    0,
    0,
    0,
    0,
    0,
    0,
]
