---
source: solana/solana-ibc/programs/solana-ibc/src/events.rs
expression: serialised
---
[
    3,
    0,
    0,
    0,
    42,
    0,
    0,
    0,
    42,
    0,
    0,
    0,
    42,
    0,
    0,
    0,
    42,
    0,
    0,
    0,
    42,
    0,
    0,
    0,
    42,
    0,
    0,
    0,
    42,
    0,
    0,
    0,
    42,
    0,
    0,
    0,
    24,
    0,
    0,
    0,
    24,
    0,
    0,
    0,
    24,
    0,
    0,
    0,
    24,
    0,
    0,
    0,
    24,
    0,
    0,
    0,
    24,
    0,
    0,
    0,
    24,
    0,
    0,
    0,
    24,
]
